Link map of __startup
  1] __startup (func,global) found in MPC5606B_Startup_c.obj 
   2] __start (func,global) found in librt_E200z0_VLE_Soft.a D:\w\EPPC\workspace_codegen\ewl\EWL_Runtime\Runtime_PA_CmdLineData\librt_E200z0_VLE_Soft\obj\__start.o
    3] __init_registers (func,weak) found in librt_E200z0_VLE_Soft.a D:\w\EPPC\workspace_codegen\ewl\EWL_Runtime\Runtime_PA_CmdLineData\librt_E200z0_VLE_Soft\obj\__start.o
     4] _stack_addr found as linker generated symbol
     4] _SDA2_BASE_ found as linker generated symbol
     4] _SDA_BASE_ found as linker generated symbol
    3] __init_hardware (func,global) found in __ppc_eabi_init_c.obj 
     4] usr_init (func,global) found in MPC5606B_init_flash_c.obj 
      5] INIT_Derivative (func,global) found in MPC5606B_HWInit_c.obj 
       6] L2SRAM_LOCATION found as linker generated symbol
       6] L2SRAM_CNT found as linker generated symbol
      5] EXCEP_InitExceptionHandlers (func,global) found in Exceptions_c.obj 
       6] EXCEPTION_HANDLERS found as linker generated symbol
      5] INTC_InitINTCInterrupts (func,global) found in IntcInterrupts_c.obj 
       6] INTCInterruptsHandlerTable (object,global) found in IntcInterrupts_c.obj 
    3] __init_data (func,weak) found in librt_E200z0_VLE_Soft.a D:\w\EPPC\workspace_codegen\ewl\EWL_Runtime\Runtime_PA_CmdLineData\librt_E200z0_VLE_Soft\obj\__start.o
     4] _rom_copy_info (object,global) found in Linker Generated Symbol File 
     4] __copy_rom_section (func,global) found in librt_E200z0_VLE_Soft.a D:\w\EPPC\workspace_codegen\ewl\EWL_Runtime\Runtime_PA_CmdLineData\librt_E200z0_VLE_Soft\obj\__start.o
      5] memcpy (func,global) found in librt_E200z0_VLE_Soft.a D:\w\EPPC\workspace_codegen\ewl\EWL_Runtime\Runtime_PA_CmdLineData\librt_E200z0_VLE_Soft\obj\__mem.o
      5] __flush_cache (func,global) found in __ppc_eabi_init_c.obj 
     4] _bss_init_info (object,global) found in Linker Generated Symbol File 
     4] __init_bss_section (func,global) found in librt_E200z0_VLE_Soft.a D:\w\EPPC\workspace_codegen\ewl\EWL_Runtime\Runtime_PA_CmdLineData\librt_E200z0_VLE_Soft\obj\__start.o
      5] memset (func,global) found in librt_E200z0_VLE_Soft.a D:\w\EPPC\workspace_codegen\ewl\EWL_Runtime\Runtime_PA_CmdLineData\librt_E200z0_VLE_Soft\obj\__mem.o
       6] __fill_mem (func,global) found in librt_E200z0_VLE_Soft.a D:\w\EPPC\workspace_codegen\ewl\EWL_Runtime\Runtime_PA_CmdLineData\librt_E200z0_VLE_Soft\obj\__mem.o
    3] __init_user (func,global) found in __ppc_eabi_init_c.obj 
     4] FlashConfig (func,global) found in __ppc_eabi_init_c.obj 
      5] @23 (object,local) found in __ppc_eabi_init_c.obj 
    3] main (func,global) found in main_c.obj 
     4] Init_System (func,global) found in WindowLifter_c.obj 
      5] init_modes_and_clocks (func,global) found in MainConfig_c.obj 
      5] initPeriClkGen (func,global) found in MainConfig_c.obj 
      5] Config_IO (func,global) found in MainConfig_c.obj 
      5] stm_init_fnc (func,global) found in stmDvr_c.obj 
      5] init_stm_interruptCH0 (func,global) found in Init_Interrupts_c.obj 
       6] STM_Int_isr (func,global) found in Init_Interrupts_c.obj 
        7] Inputs_validation (func,global) found in WindowLifter_c.obj 
         8] rub_ButtonPressed (object,global) found in WindowLifter_c.obj 
         8] rub_TimeMsCnt (object,global) found in WindowLifter_c.obj 
         8] rub_ValidPress (object,global) found in WindowLifter_c.obj 
         8] rub_CmdWindow (object,global) found in WindowLifter_c.obj 
        7] reset_timer (func,global) found in stmDvr_c.obj 
       6] INTC_InstallINTCInterruptHandler (func,global) found in IntcInterrupts_c.obj 
      5] init_ExtInterruptPE2 (func,global) found in Init_Interrupts_c.obj 
       6] SIUL_Ext_Int_isr (func,global) found in Init_Interrupts_c.obj 
        7] AntiPinchFunc (func,global) found in WindowLifter_c.obj 
         8] rub_AntipinchButton (object,global) found in WindowLifter_c.obj 
         8] rub_ValidAntipinchCnt (object,global) found in WindowLifter_c.obj 
         8] read_Antipinch (func,global) found in MainConfig_c.obj 
         8] AntipinchWait (func,global) found in WindowLifter_c.obj 
          9] rub_DirectionMove (object,global) found in WindowLifter_c.obj 
          9] rub_TimeWait (object,global) found in WindowLifter_c.obj 
        7] reset_ExtIntrpFlag (func,global) found in MainConfig_c.obj 
     4] WinLifterApp (func,global) found in WindowLifter_c.obj 
      5] ReadButtons (func,global) found in WindowLifter_c.obj 
       6] read_Pb_Up (func,global) found in MainConfig_c.obj 
       6] read_Pb_Dw (func,global) found in MainConfig_c.obj 
      5] StatusDir_LED (func,global) found in WindowLifter_c.obj 
       6] led_on (func,global) found in MainConfig_c.obj 
       6] led_off (func,global) found in MainConfig_c.obj 
    3] exit (func,global) found in libc_E200z0_VLE_Soft.a D:\w\EPPC\workspace_codegen\ewl\EWL_C\EWL_C.PA_CmdLineData\libc_E200z0_VLE_Soft\obj\abort_exit.o
    3] >>> UNREFERENCED DUPLICATE exit
    3] >>> (func,weak) found in __ppc_eabi_init_c.obj 
     4] __destroy_global_chain (func,global) found in librt_E200z0_VLE_Soft.a D:\w\EPPC\workspace_codegen\ewl\EWL_Runtime\Runtime_PA_CmdLineData\librt_E200z0_VLE_Soft\obj\global_destructor_chain.o
      5] __global_destructor_chain (object,global) found in librt_E200z0_VLE_Soft.a D:\w\EPPC\workspace_codegen\ewl\EWL_Runtime\Runtime_PA_CmdLineData\librt_E200z0_VLE_Soft\obj\global_destructor_chain.o
     4] __stdio_exit (object,global) found in libc_E200z0_VLE_Soft.a D:\w\EPPC\workspace_codegen\ewl\EWL_C\EWL_C.PA_CmdLineData\libc_E200z0_VLE_Soft\obj\abort_exit.o
     4] __console_exit (object,global) found in libc_E200z0_VLE_Soft.a D:\w\EPPC\workspace_codegen\ewl\EWL_C\EWL_C.PA_CmdLineData\libc_E200z0_VLE_Soft\obj\abort_exit.o
     4] _ExitProcess (func,weak) found in __ppc_eabi_init_c.obj 
     4] __restore_frame_and_exit (func,global) found in librt_E200z0_VLE_Soft.a D:\w\EPPC\workspace_codegen\ewl\EWL_Runtime\Runtime_PA_CmdLineData\librt_E200z0_VLE_Soft\obj\runtime.o
  1] bam_rchw (object,global) found in MPC5606B_init_flash_c.obj 
  1] bam_resetvector (object,global) found in MPC5606B_init_flash_c.obj 
  1] EXCEP_DefaultExceptionHandler (func,global) found in Exceptions_c.obj 
  1] INTC_INTCInterruptHandler (func,global) found in IntcInterrupts_c.obj 
  1] ivor_branch_table_p0 (func,global) found in ivor_branch_table_c.obj 
    3] .init (section,local) found in MPC5606B_init_flash_c.obj 
    3] .init.13 (notype,local) found in MPC5606B_init_flash_c.obj 
    3] .init (section,local) found in MPC5606B_Startup_c.obj 
    3] .init.21 (notype,local) found in MPC5606B_Startup_c.obj 
    3] .text (section,local) found in MPC5606B_HWInit_c.obj 
    3] .text.13 (notype,local) found in MPC5606B_HWInit_c.obj 
    3] .text (section,local) found in WindowLifter_c.obj 
    3] .text.102 (notype,local) found in WindowLifter_c.obj 
    3] .text (section,local) found in stmDvr_c.obj 
    3] .text.22 (notype,local) found in stmDvr_c.obj 
    3] .ivor_branch_table (section,local) found in ivor_branch_table_c.obj 
    3] .ivor_branch_table.24 (notype,local) found in ivor_branch_table_c.obj 
    3] .text (section,local) found in MainConfig_c.obj 
    3] .text.67 (notype,local) found in MainConfig_c.obj 
    3] .text (section,local) found in Init_Interrupts_c.obj 
    3] .text.40 (notype,local) found in Init_Interrupts_c.obj 
    3] .text (section,local) found in main_c.obj 
    3] .text.24 (notype,local) found in main_c.obj 
    3] .text (section,local) found in libc_E200z0_VLE_Soft.a D:\w\EPPC\workspace_codegen\ewl\EWL_C\EWL_C.PA_CmdLineData\libc_E200z0_VLE_Soft\obj\abort_exit.o
    3] .text.86 (notype,local) found in libc_E200z0_VLE_Soft.a D:\w\EPPC\workspace_codegen\ewl\EWL_C\EWL_C.PA_CmdLineData\libc_E200z0_VLE_Soft\obj\abort_exit.o
    3] .init (section,local) found in librt_E200z0_VLE_Soft.a D:\w\EPPC\workspace_codegen\ewl\EWL_Runtime\Runtime_PA_CmdLineData\librt_E200z0_VLE_Soft\obj\__start.o
    3] .init.104 (notype,local) found in librt_E200z0_VLE_Soft.a D:\w\EPPC\workspace_codegen\ewl\EWL_Runtime\Runtime_PA_CmdLineData\librt_E200z0_VLE_Soft\obj\__start.o
    3] .text (section,local) found in librt_E200z0_VLE_Soft.a D:\w\EPPC\workspace_codegen\ewl\EWL_Runtime\Runtime_PA_CmdLineData\librt_E200z0_VLE_Soft\obj\global_destructor_chain.o
    3] .text.104 (notype,local) found in librt_E200z0_VLE_Soft.a D:\w\EPPC\workspace_codegen\ewl\EWL_Runtime\Runtime_PA_CmdLineData\librt_E200z0_VLE_Soft\obj\global_destructor_chain.o
    3] .text (section,local) found in librt_E200z0_VLE_Soft.a D:\w\EPPC\workspace_codegen\ewl\EWL_Runtime\Runtime_PA_CmdLineData\librt_E200z0_VLE_Soft\obj\runtime.o
    3] .text.205 (notype,local) found in librt_E200z0_VLE_Soft.a D:\w\EPPC\workspace_codegen\ewl\EWL_Runtime\Runtime_PA_CmdLineData\librt_E200z0_VLE_Soft\obj\runtime.o


.__bam_bootarea section layout
  Starting        Virtual  File
  address  Size   address  offset
  ---------------------------------
  00000000 000008 00000000 00000280  1 .__bam_bootarea 	MPC5606B_init_flash_c.obj 
  00000000 000004 00000000 00000280  4 bam_rchw 	MPC5606B_init_flash_c.obj 
  00000004 000004 00000004 00000284  4 bam_resetvector 	MPC5606B_init_flash_c.obj 


.init section layout
  Starting        Virtual  File
  address  Size   address  offset
  ---------------------------------
  00000000 000084 00000008 00000288  1 .init 	Linker Generated Symbol File 
  00000000 00006c 00000008 00000288  4 _rom_copy_info 	Linker Generated Symbol File 
  0000006c 000018 00000074 000002f4  4 _bss_init_info 	Linker Generated Symbol File 


.init_vle section layout
  Starting        Virtual  File
  address  Size   address  offset
  ---------------------------------
  00000000 00002c 0000008c 0000030c  1 .init 	__ppc_eabi_init_c.obj 
  00000000 00000a 0000008c 0000030c  2 __init_hardware 	__ppc_eabi_init_c.obj 
  0000000a 000022 00000096 00000316  2 __flush_cache 	__ppc_eabi_init_c.obj 
  0000002c 000012 000000b8 00000338  1 .init 	MPC5606B_init_flash_c.obj 
  0000002c 000012 000000b8 00000338  2 usr_init 	MPC5606B_init_flash_c.obj 
  0000003e 000000 000000ca 0000034a  1 .init.13 	MPC5606B_init_flash_c.obj 
  0000003e 000002 000000cc 0000034c  4 *fill*
  00000040 000004 000000cc 0000034c  1 .init 	MPC5606B_Startup_c.obj 
  00000040 000004 000000cc 0000034c  4 __startup 	MPC5606B_Startup_c.obj 
  00000044 000000 000000d0 00000350  1 .init.21 	MPC5606B_Startup_c.obj 
  00000044 0000f4 000000d0 00000350  1 .init 	librt_E200z0_VLE_Soft.a D:\w\EPPC\workspace_codegen\ewl\EWL_Runtime\Runtime_PA_CmdLineData\librt_E200z0_VLE_Soft\obj\__start.o
  00000044 000048 000000d0 00000350  2 __start 	librt_E200z0_VLE_Soft.a D:\w\EPPC\workspace_codegen\ewl\EWL_Runtime\Runtime_PA_CmdLineData\librt_E200z0_VLE_Soft\obj\__start.o
  0000008c 000030 00000118 00000398  2 __copy_rom_section 	librt_E200z0_VLE_Soft.a D:\w\EPPC\workspace_codegen\ewl\EWL_Runtime\Runtime_PA_CmdLineData\librt_E200z0_VLE_Soft\obj\__start.o
  000000bc 00000e 00000148 000003c8  2 __init_bss_section 	librt_E200z0_VLE_Soft.a D:\w\EPPC\workspace_codegen\ewl\EWL_Runtime\Runtime_PA_CmdLineData\librt_E200z0_VLE_Soft\obj\__start.o
  000000ca 00001a 00000156 000003d6  2 __init_registers 	librt_E200z0_VLE_Soft.a D:\w\EPPC\workspace_codegen\ewl\EWL_Runtime\Runtime_PA_CmdLineData\librt_E200z0_VLE_Soft\obj\__start.o
  000000e4 000054 00000170 000003f0  2 __init_data 	librt_E200z0_VLE_Soft.a D:\w\EPPC\workspace_codegen\ewl\EWL_Runtime\Runtime_PA_CmdLineData\librt_E200z0_VLE_Soft\obj\__start.o
  00000138 000000 000001c4 00000444  1 .init.104 	librt_E200z0_VLE_Soft.a D:\w\EPPC\workspace_codegen\ewl\EWL_Runtime\Runtime_PA_CmdLineData\librt_E200z0_VLE_Soft\obj\__start.o
  00000138 0000d4 000001c4 00000444  1 .init 	librt_E200z0_VLE_Soft.a D:\w\EPPC\workspace_codegen\ewl\EWL_Runtime\Runtime_PA_CmdLineData\librt_E200z0_VLE_Soft\obj\__mem.o
  00000138 000038 000001c4 00000444  2 memcpy 	librt_E200z0_VLE_Soft.a D:\w\EPPC\workspace_codegen\ewl\EWL_Runtime\Runtime_PA_CmdLineData\librt_E200z0_VLE_Soft\obj\__mem.o
  00000170 000082 000001fc 0000047c  2 __fill_mem 	librt_E200z0_VLE_Soft.a D:\w\EPPC\workspace_codegen\ewl\EWL_Runtime\Runtime_PA_CmdLineData\librt_E200z0_VLE_Soft\obj\__mem.o
  000001f2 00001a 0000027e 000004fe  2 memset 	librt_E200z0_VLE_Soft.a D:\w\EPPC\workspace_codegen\ewl\EWL_Runtime\Runtime_PA_CmdLineData\librt_E200z0_VLE_Soft\obj\__mem.o


.ivor_branch_table section layout
  Starting        Virtual  File
  address  Size   address  offset
  ---------------------------------
  00000000 0000f2 00001000 00000520  1 .ivor_branch_table 	ivor_branch_table_c.obj 
  00000000 0000f2 00001000 00000520 16 ivor_branch_table_p0 	ivor_branch_table_c.obj 
  000000f2 000000 000010f2 00000612  1 .ivor_branch_table.24 	ivor_branch_table_c.obj 


.intc_hw_branch_table section layout
  Starting        Virtual  File
  address  Size   address  offset
  ---------------------------------


.__exception_handlers section layout
  Starting        Virtual  File
  address  Size   address  offset
  ---------------------------------
  00000000 000096 00001100 00000620  1 .__exception_handlers 	IntcInterrupts_c.obj 
  00000000 000096 00001100 00000620 16 INTC_INTCInterruptHandler 	IntcInterrupts_c.obj 
  00000096 00000a 000011a0 000006c0 16 *fill*
  000000a0 000002 000011a0 000006c0  1 .__exception_handlers 	Exceptions_c.obj 
  000000a0 000002 000011a0 000006c0 16 EXCEP_DefaultExceptionHandler 	Exceptions_c.obj 


.text section layout
  Starting        Virtual  File
  address  Size   address  offset
  ---------------------------------


.text_vle section layout
  Starting        Virtual  File
  address  Size   address  offset
  ---------------------------------
  00000000 000052 00003000 000006d0  1 .text 	__ppc_eabi_init_c.obj 
  00000000 00003e 00003000 000006d0  2 FlashConfig 	__ppc_eabi_init_c.obj 
  0000003e 000012 0000303e 0000070e  2 __init_user 	__ppc_eabi_init_c.obj 
  00000050 000002 00003050 00000720  2 _ExitProcess 	__ppc_eabi_init_c.obj 
  00000052 000050 00003052 00000722  1 .text 	MPC5606B_HWInit_c.obj 
  00000052 000050 00003052 00000722  2 INIT_Derivative 	MPC5606B_HWInit_c.obj 
  UNUSED   000002 ........ ........    INIT_ExternalBusAndMemory MPC5606B_HWInit_c.obj 
  000000a2 000000 000030a2 00000772  1 .text.13 	MPC5606B_HWInit_c.obj 
  000000a2 000222 000030a2 00000772  1 .text 	WindowLifter_c.obj 
  000000a2 000024 000030a2 00000772  2 WinLifterApp 	WindowLifter_c.obj 
  000000c6 000028 000030c6 00000796  2 Init_System 	WindowLifter_c.obj 
  000000ee 000054 000030ee 000007be  2 Inputs_validation 	WindowLifter_c.obj 
  00000142 000060 00003142 00000812  2 AntiPinchFunc 	WindowLifter_c.obj 
  000001a2 000070 000031a2 00000872  2 ReadButtons 	WindowLifter_c.obj 
  00000212 000050 00003212 000008e2  2 AntipinchWait 	WindowLifter_c.obj 
  UNUSED   000002 ........ ........    LED_Motion WindowLifter_c.obj 
  00000262 000062 00003262 00000932  2 StatusDir_LED 	WindowLifter_c.obj 
  000002c4 000000 000032c4 00000994  1 .text.102 	WindowLifter_c.obj 
  000002c4 0000de 000032c4 00000994  1 .text 	stmDvr_c.obj 
  000002c4 0000c0 000032c4 00000994  2 stm_init_fnc 	stmDvr_c.obj 
  00000384 00001e 00003384 00000a54  2 reset_timer 	stmDvr_c.obj 
  000003a2 000000 000033a2 00000a72  1 .text.22 	stmDvr_c.obj 
  000003a2 000226 000033a2 00000a72  1 .text 	MainConfig_c.obj 
  000003a2 00007e 000033a2 00000a72  2 init_modes_and_clocks 	MainConfig_c.obj 
  UNUSED   000032 ........ ........    disableWatchdog MainConfig_c.obj 
  00000420 00000c 00003420 00000af0  2 initPeriClkGen 	MainConfig_c.obj 
  0000042c 00012e 0000342c 00000afc  2 Config_IO 	MainConfig_c.obj 
  0000055a 000010 0000355a 00000c2a  2 reset_ExtIntrpFlag 	MainConfig_c.obj 
  0000056a 000012 0000356a 00000c3a  2 read_Pb_Dw 	MainConfig_c.obj 
  0000057c 000012 0000357c 00000c4c  2 read_Pb_Up 	MainConfig_c.obj 
  0000058e 000012 0000358e 00000c5e  2 read_Antipinch 	MainConfig_c.obj 
  000005a0 000014 000035a0 00000c70  2 led_on 	MainConfig_c.obj 
  000005b4 000014 000035b4 00000c84  2 led_off 	MainConfig_c.obj 
  000005c8 000000 000035c8 00000c98  1 .text.67 	MainConfig_c.obj 
  000005c8 00004e 000035c8 00000c98  1 .text 	IntcInterrupts_c.obj 
  000005c8 00002c 000035c8 00000c98  2 INTC_InstallINTCInterruptHandler 	IntcInterrupts_c.obj 
  000005f4 000022 000035f4 00000cc4  2 INTC_InitINTCInterrupts 	IntcInterrupts_c.obj 
  00000616 00000e 00003616 00000ce6  1 .text 	Exceptions_c.obj 
  00000616 00000e 00003616 00000ce6  2 EXCEP_InitExceptionHandlers 	Exceptions_c.obj 
  00000624 0000a0 00003624 00000cf4  1 .text 	Init_Interrupts_c.obj 
  00000624 000024 00003624 00000cf4  2 init_stm_interruptCH0 	Init_Interrupts_c.obj 
  00000648 00002e 00003648 00000d18  2 init_ExtInterruptPE2 	Init_Interrupts_c.obj 
  00000676 000028 00003676 00000d46  2 STM_Int_isr 	Init_Interrupts_c.obj 
  0000069e 000026 0000369e 00000d6e  2 SIUL_Ext_Int_isr 	Init_Interrupts_c.obj 
  000006c4 000000 000036c4 00000d94  1 .text.40 	Init_Interrupts_c.obj 
  000006c4 00001a 000036c4 00000d94  1 .text 	main_c.obj 
  000006c4 00001a 000036c4 00000d94  2 main 	main_c.obj 
  000006de 000000 000036de 00000dae  1 .text.24 	main_c.obj 
  000006de 000040 000036de 00000dae  1 .text 	libc_E200z0_VLE_Soft.a D:\w\EPPC\workspace_codegen\ewl\EWL_C\EWL_C.PA_CmdLineData\libc_E200z0_VLE_Soft\obj\abort_exit.o
  UNUSED   00002c ........ ........    abort libc_E200z0_VLE_Soft.a D:\w\EPPC\workspace_codegen\ewl\EWL_C\EWL_C.PA_CmdLineData\libc_E200z0_VLE_Soft\obj\abort_exit.o
  UNUSED   000004 ........ ........    atexit libc_E200z0_VLE_Soft.a D:\w\EPPC\workspace_codegen\ewl\EWL_C\EWL_C.PA_CmdLineData\libc_E200z0_VLE_Soft\obj\abort_exit.o
  000006de 000040 000036de 00000dae  2 exit 	libc_E200z0_VLE_Soft.a D:\w\EPPC\workspace_codegen\ewl\EWL_C\EWL_C.PA_CmdLineData\libc_E200z0_VLE_Soft\obj\abort_exit.o
  UNUSED   00002a ........ ........    __atexit libc_E200z0_VLE_Soft.a D:\w\EPPC\workspace_codegen\ewl\EWL_C\EWL_C.PA_CmdLineData\libc_E200z0_VLE_Soft\obj\abort_exit.o
  UNUSED   000056 ........ ........    __exit libc_E200z0_VLE_Soft.a D:\w\EPPC\workspace_codegen\ewl\EWL_C\EWL_C.PA_CmdLineData\libc_E200z0_VLE_Soft\obj\abort_exit.o
  0000071e 000000 0000371e 00000dee  1 .text.86 	libc_E200z0_VLE_Soft.a D:\w\EPPC\workspace_codegen\ewl\EWL_C\EWL_C.PA_CmdLineData\libc_E200z0_VLE_Soft\obj\abort_exit.o
  0000071e 000032 0000371e 00000dee  1 .text 	librt_E200z0_VLE_Soft.a D:\w\EPPC\workspace_codegen\ewl\EWL_Runtime\Runtime_PA_CmdLineData\librt_E200z0_VLE_Soft\obj\global_destructor_chain.o
  UNUSED   000010 ........ ........    __register_global_object librt_E200z0_VLE_Soft.a D:\w\EPPC\workspace_codegen\ewl\EWL_Runtime\Runtime_PA_CmdLineData\librt_E200z0_VLE_Soft\obj\global_destructor_chain.o
  0000071e 000032 0000371e 00000dee  2 __destroy_global_chain 	librt_E200z0_VLE_Soft.a D:\w\EPPC\workspace_codegen\ewl\EWL_Runtime\Runtime_PA_CmdLineData\librt_E200z0_VLE_Soft\obj\global_destructor_chain.o
  UNUSED   00003a ........ ........    __register_atexit librt_E200z0_VLE_Soft.a D:\w\EPPC\workspace_codegen\ewl\EWL_Runtime\Runtime_PA_CmdLineData\librt_E200z0_VLE_Soft\obj\global_destructor_chain.o
  00000750 000000 00003750 00000e20  1 .text.104 	librt_E200z0_VLE_Soft.a D:\w\EPPC\workspace_codegen\ewl\EWL_Runtime\Runtime_PA_CmdLineData\librt_E200z0_VLE_Soft\obj\global_destructor_chain.o
  00000750 000008 00003750 00000e20  1 .text 	librt_E200z0_VLE_Soft.a D:\w\EPPC\workspace_codegen\ewl\EWL_Runtime\Runtime_PA_CmdLineData\librt_E200z0_VLE_Soft\obj\runtime.o
  UNUSED   00004a ........ ........    __save_gpr librt_E200z0_VLE_Soft.a D:\w\EPPC\workspace_codegen\ewl\EWL_Runtime\Runtime_PA_CmdLineData\librt_E200z0_VLE_Soft\obj\runtime.o
  UNUSED   000000 ........ ........    _savegpr_14 librt_E200z0_VLE_Soft.a D:\w\EPPC\workspace_codegen\ewl\EWL_Runtime\Runtime_PA_CmdLineData\librt_E200z0_VLE_Soft\obj\runtime.o
  UNUSED   000000 ........ ........    _save32gpr_14 librt_E200z0_VLE_Soft.a D:\w\EPPC\workspace_codegen\ewl\EWL_Runtime\Runtime_PA_CmdLineData\librt_E200z0_VLE_Soft\obj\runtime.o
  UNUSED   000000 ........ ........    _savegpr_15 librt_E200z0_VLE_Soft.a D:\w\EPPC\workspace_codegen\ewl\EWL_Runtime\Runtime_PA_CmdLineData\librt_E200z0_VLE_Soft\obj\runtime.o
  UNUSED   000000 ........ ........    _save32gpr_15 librt_E200z0_VLE_Soft.a D:\w\EPPC\workspace_codegen\ewl\EWL_Runtime\Runtime_PA_CmdLineData\librt_E200z0_VLE_Soft\obj\runtime.o
  UNUSED   000000 ........ ........    _savegpr_16 librt_E200z0_VLE_Soft.a D:\w\EPPC\workspace_codegen\ewl\EWL_Runtime\Runtime_PA_CmdLineData\librt_E200z0_VLE_Soft\obj\runtime.o
  UNUSED   000000 ........ ........    _save32gpr_16 librt_E200z0_VLE_Soft.a D:\w\EPPC\workspace_codegen\ewl\EWL_Runtime\Runtime_PA_CmdLineData\librt_E200z0_VLE_Soft\obj\runtime.o
  UNUSED   000000 ........ ........    _savegpr_17 librt_E200z0_VLE_Soft.a D:\w\EPPC\workspace_codegen\ewl\EWL_Runtime\Runtime_PA_CmdLineData\librt_E200z0_VLE_Soft\obj\runtime.o
  UNUSED   000000 ........ ........    _save32gpr_17 librt_E200z0_VLE_Soft.a D:\w\EPPC\workspace_codegen\ewl\EWL_Runtime\Runtime_PA_CmdLineData\librt_E200z0_VLE_Soft\obj\runtime.o
  UNUSED   000000 ........ ........    _savegpr_18 librt_E200z0_VLE_Soft.a D:\w\EPPC\workspace_codegen\ewl\EWL_Runtime\Runtime_PA_CmdLineData\librt_E200z0_VLE_Soft\obj\runtime.o
  UNUSED   000000 ........ ........    _save32gpr_18 librt_E200z0_VLE_Soft.a D:\w\EPPC\workspace_codegen\ewl\EWL_Runtime\Runtime_PA_CmdLineData\librt_E200z0_VLE_Soft\obj\runtime.o
  UNUSED   000000 ........ ........    _savegpr_19 librt_E200z0_VLE_Soft.a D:\w\EPPC\workspace_codegen\ewl\EWL_Runtime\Runtime_PA_CmdLineData\librt_E200z0_VLE_Soft\obj\runtime.o
  UNUSED   000000 ........ ........    _save32gpr_19 librt_E200z0_VLE_Soft.a D:\w\EPPC\workspace_codegen\ewl\EWL_Runtime\Runtime_PA_CmdLineData\librt_E200z0_VLE_Soft\obj\runtime.o
  UNUSED   000000 ........ ........    _savegpr_20 librt_E200z0_VLE_Soft.a D:\w\EPPC\workspace_codegen\ewl\EWL_Runtime\Runtime_PA_CmdLineData\librt_E200z0_VLE_Soft\obj\runtime.o
  UNUSED   000000 ........ ........    _save32gpr_20 librt_E200z0_VLE_Soft.a D:\w\EPPC\workspace_codegen\ewl\EWL_Runtime\Runtime_PA_CmdLineData\librt_E200z0_VLE_Soft\obj\runtime.o
  UNUSED   000000 ........ ........    _savegpr_21 librt_E200z0_VLE_Soft.a D:\w\EPPC\workspace_codegen\ewl\EWL_Runtime\Runtime_PA_CmdLineData\librt_E200z0_VLE_Soft\obj\runtime.o
  UNUSED   000000 ........ ........    _save32gpr_21 librt_E200z0_VLE_Soft.a D:\w\EPPC\workspace_codegen\ewl\EWL_Runtime\Runtime_PA_CmdLineData\librt_E200z0_VLE_Soft\obj\runtime.o
  UNUSED   000000 ........ ........    _savegpr_22 librt_E200z0_VLE_Soft.a D:\w\EPPC\workspace_codegen\ewl\EWL_Runtime\Runtime_PA_CmdLineData\librt_E200z0_VLE_Soft\obj\runtime.o
  UNUSED   000000 ........ ........    _save32gpr_22 librt_E200z0_VLE_Soft.a D:\w\EPPC\workspace_codegen\ewl\EWL_Runtime\Runtime_PA_CmdLineData\librt_E200z0_VLE_Soft\obj\runtime.o
  UNUSED   000000 ........ ........    _savegpr_23 librt_E200z0_VLE_Soft.a D:\w\EPPC\workspace_codegen\ewl\EWL_Runtime\Runtime_PA_CmdLineData\librt_E200z0_VLE_Soft\obj\runtime.o
  UNUSED   000000 ........ ........    _save32gpr_23 librt_E200z0_VLE_Soft.a D:\w\EPPC\workspace_codegen\ewl\EWL_Runtime\Runtime_PA_CmdLineData\librt_E200z0_VLE_Soft\obj\runtime.o
  UNUSED   000000 ........ ........    _savegpr_24 librt_E200z0_VLE_Soft.a D:\w\EPPC\workspace_codegen\ewl\EWL_Runtime\Runtime_PA_CmdLineData\librt_E200z0_VLE_Soft\obj\runtime.o
  UNUSED   000000 ........ ........    _save32gpr_24 librt_E200z0_VLE_Soft.a D:\w\EPPC\workspace_codegen\ewl\EWL_Runtime\Runtime_PA_CmdLineData\librt_E200z0_VLE_Soft\obj\runtime.o
  UNUSED   000000 ........ ........    _savegpr_25 librt_E200z0_VLE_Soft.a D:\w\EPPC\workspace_codegen\ewl\EWL_Runtime\Runtime_PA_CmdLineData\librt_E200z0_VLE_Soft\obj\runtime.o
  UNUSED   000000 ........ ........    _save32gpr_25 librt_E200z0_VLE_Soft.a D:\w\EPPC\workspace_codegen\ewl\EWL_Runtime\Runtime_PA_CmdLineData\librt_E200z0_VLE_Soft\obj\runtime.o
  UNUSED   000000 ........ ........    _savegpr_26 librt_E200z0_VLE_Soft.a D:\w\EPPC\workspace_codegen\ewl\EWL_Runtime\Runtime_PA_CmdLineData\librt_E200z0_VLE_Soft\obj\runtime.o
  UNUSED   000000 ........ ........    _save32gpr_26 librt_E200z0_VLE_Soft.a D:\w\EPPC\workspace_codegen\ewl\EWL_Runtime\Runtime_PA_CmdLineData\librt_E200z0_VLE_Soft\obj\runtime.o
  UNUSED   000000 ........ ........    _savegpr_27 librt_E200z0_VLE_Soft.a D:\w\EPPC\workspace_codegen\ewl\EWL_Runtime\Runtime_PA_CmdLineData\librt_E200z0_VLE_Soft\obj\runtime.o
  UNUSED   000000 ........ ........    _save32gpr_27 librt_E200z0_VLE_Soft.a D:\w\EPPC\workspace_codegen\ewl\EWL_Runtime\Runtime_PA_CmdLineData\librt_E200z0_VLE_Soft\obj\runtime.o
  UNUSED   000000 ........ ........    _savegpr_28 librt_E200z0_VLE_Soft.a D:\w\EPPC\workspace_codegen\ewl\EWL_Runtime\Runtime_PA_CmdLineData\librt_E200z0_VLE_Soft\obj\runtime.o
  UNUSED   000000 ........ ........    _save32gpr_28 librt_E200z0_VLE_Soft.a D:\w\EPPC\workspace_codegen\ewl\EWL_Runtime\Runtime_PA_CmdLineData\librt_E200z0_VLE_Soft\obj\runtime.o
  UNUSED   000000 ........ ........    _savegpr_29 librt_E200z0_VLE_Soft.a D:\w\EPPC\workspace_codegen\ewl\EWL_Runtime\Runtime_PA_CmdLineData\librt_E200z0_VLE_Soft\obj\runtime.o
  UNUSED   000000 ........ ........    _save32gpr_29 librt_E200z0_VLE_Soft.a D:\w\EPPC\workspace_codegen\ewl\EWL_Runtime\Runtime_PA_CmdLineData\librt_E200z0_VLE_Soft\obj\runtime.o
  UNUSED   000000 ........ ........    _savegpr_30 librt_E200z0_VLE_Soft.a D:\w\EPPC\workspace_codegen\ewl\EWL_Runtime\Runtime_PA_CmdLineData\librt_E200z0_VLE_Soft\obj\runtime.o
  UNUSED   000000 ........ ........    _save32gpr_30 librt_E200z0_VLE_Soft.a D:\w\EPPC\workspace_codegen\ewl\EWL_Runtime\Runtime_PA_CmdLineData\librt_E200z0_VLE_Soft\obj\runtime.o
  UNUSED   000000 ........ ........    _savegpr_31 librt_E200z0_VLE_Soft.a D:\w\EPPC\workspace_codegen\ewl\EWL_Runtime\Runtime_PA_CmdLineData\librt_E200z0_VLE_Soft\obj\runtime.o
  UNUSED   000000 ........ ........    _save32gpr_31 librt_E200z0_VLE_Soft.a D:\w\EPPC\workspace_codegen\ewl\EWL_Runtime\Runtime_PA_CmdLineData\librt_E200z0_VLE_Soft\obj\runtime.o
  UNUSED   00004a ........ ........    __restore_gpr librt_E200z0_VLE_Soft.a D:\w\EPPC\workspace_codegen\ewl\EWL_Runtime\Runtime_PA_CmdLineData\librt_E200z0_VLE_Soft\obj\runtime.o
  UNUSED   000000 ........ ........    _restgpr_14 librt_E200z0_VLE_Soft.a D:\w\EPPC\workspace_codegen\ewl\EWL_Runtime\Runtime_PA_CmdLineData\librt_E200z0_VLE_Soft\obj\runtime.o
  UNUSED   000000 ........ ........    _rest32gpr_14 librt_E200z0_VLE_Soft.a D:\w\EPPC\workspace_codegen\ewl\EWL_Runtime\Runtime_PA_CmdLineData\librt_E200z0_VLE_Soft\obj\runtime.o
  UNUSED   000000 ........ ........    _restgpr_15 librt_E200z0_VLE_Soft.a D:\w\EPPC\workspace_codegen\ewl\EWL_Runtime\Runtime_PA_CmdLineData\librt_E200z0_VLE_Soft\obj\runtime.o
  UNUSED   000000 ........ ........    _rest32gpr_15 librt_E200z0_VLE_Soft.a D:\w\EPPC\workspace_codegen\ewl\EWL_Runtime\Runtime_PA_CmdLineData\librt_E200z0_VLE_Soft\obj\runtime.o
  UNUSED   000000 ........ ........    _restgpr_16 librt_E200z0_VLE_Soft.a D:\w\EPPC\workspace_codegen\ewl\EWL_Runtime\Runtime_PA_CmdLineData\librt_E200z0_VLE_Soft\obj\runtime.o
  UNUSED   000000 ........ ........    _rest32gpr_16 librt_E200z0_VLE_Soft.a D:\w\EPPC\workspace_codegen\ewl\EWL_Runtime\Runtime_PA_CmdLineData\librt_E200z0_VLE_Soft\obj\runtime.o
  UNUSED   000000 ........ ........    _restgpr_17 librt_E200z0_VLE_Soft.a D:\w\EPPC\workspace_codegen\ewl\EWL_Runtime\Runtime_PA_CmdLineData\librt_E200z0_VLE_Soft\obj\runtime.o
  UNUSED   000000 ........ ........    _rest32gpr_17 librt_E200z0_VLE_Soft.a D:\w\EPPC\workspace_codegen\ewl\EWL_Runtime\Runtime_PA_CmdLineData\librt_E200z0_VLE_Soft\obj\runtime.o
  UNUSED   000000 ........ ........    _restgpr_18 librt_E200z0_VLE_Soft.a D:\w\EPPC\workspace_codegen\ewl\EWL_Runtime\Runtime_PA_CmdLineData\librt_E200z0_VLE_Soft\obj\runtime.o
  UNUSED   000000 ........ ........    _rest32gpr_18 librt_E200z0_VLE_Soft.a D:\w\EPPC\workspace_codegen\ewl\EWL_Runtime\Runtime_PA_CmdLineData\librt_E200z0_VLE_Soft\obj\runtime.o
  UNUSED   000000 ........ ........    _restgpr_19 librt_E200z0_VLE_Soft.a D:\w\EPPC\workspace_codegen\ewl\EWL_Runtime\Runtime_PA_CmdLineData\librt_E200z0_VLE_Soft\obj\runtime.o
  UNUSED   000000 ........ ........    _rest32gpr_19 librt_E200z0_VLE_Soft.a D:\w\EPPC\workspace_codegen\ewl\EWL_Runtime\Runtime_PA_CmdLineData\librt_E200z0_VLE_Soft\obj\runtime.o
  UNUSED   000000 ........ ........    _restgpr_20 librt_E200z0_VLE_Soft.a D:\w\EPPC\workspace_codegen\ewl\EWL_Runtime\Runtime_PA_CmdLineData\librt_E200z0_VLE_Soft\obj\runtime.o
  UNUSED   000000 ........ ........    _rest32gpr_20 librt_E200z0_VLE_Soft.a D:\w\EPPC\workspace_codegen\ewl\EWL_Runtime\Runtime_PA_CmdLineData\librt_E200z0_VLE_Soft\obj\runtime.o
  UNUSED   000000 ........ ........    _restgpr_21 librt_E200z0_VLE_Soft.a D:\w\EPPC\workspace_codegen\ewl\EWL_Runtime\Runtime_PA_CmdLineData\librt_E200z0_VLE_Soft\obj\runtime.o
  UNUSED   000000 ........ ........    _rest32gpr_21 librt_E200z0_VLE_Soft.a D:\w\EPPC\workspace_codegen\ewl\EWL_Runtime\Runtime_PA_CmdLineData\librt_E200z0_VLE_Soft\obj\runtime.o
  UNUSED   000000 ........ ........    _restgpr_22 librt_E200z0_VLE_Soft.a D:\w\EPPC\workspace_codegen\ewl\EWL_Runtime\Runtime_PA_CmdLineData\librt_E200z0_VLE_Soft\obj\runtime.o
  UNUSED   000000 ........ ........    _rest32gpr_22 librt_E200z0_VLE_Soft.a D:\w\EPPC\workspace_codegen\ewl\EWL_Runtime\Runtime_PA_CmdLineData\librt_E200z0_VLE_Soft\obj\runtime.o
  UNUSED   000000 ........ ........    _restgpr_23 librt_E200z0_VLE_Soft.a D:\w\EPPC\workspace_codegen\ewl\EWL_Runtime\Runtime_PA_CmdLineData\librt_E200z0_VLE_Soft\obj\runtime.o
  UNUSED   000000 ........ ........    _rest32gpr_23 librt_E200z0_VLE_Soft.a D:\w\EPPC\workspace_codegen\ewl\EWL_Runtime\Runtime_PA_CmdLineData\librt_E200z0_VLE_Soft\obj\runtime.o
  UNUSED   000000 ........ ........    _restgpr_24 librt_E200z0_VLE_Soft.a D:\w\EPPC\workspace_codegen\ewl\EWL_Runtime\Runtime_PA_CmdLineData\librt_E200z0_VLE_Soft\obj\runtime.o
  UNUSED   000000 ........ ........    _rest32gpr_24 librt_E200z0_VLE_Soft.a D:\w\EPPC\workspace_codegen\ewl\EWL_Runtime\Runtime_PA_CmdLineData\librt_E200z0_VLE_Soft\obj\runtime.o
  UNUSED   000000 ........ ........    _restgpr_25 librt_E200z0_VLE_Soft.a D:\w\EPPC\workspace_codegen\ewl\EWL_Runtime\Runtime_PA_CmdLineData\librt_E200z0_VLE_Soft\obj\runtime.o
  UNUSED   000000 ........ ........    _rest32gpr_25 librt_E200z0_VLE_Soft.a D:\w\EPPC\workspace_codegen\ewl\EWL_Runtime\Runtime_PA_CmdLineData\librt_E200z0_VLE_Soft\obj\runtime.o
  UNUSED   000000 ........ ........    _restgpr_26 librt_E200z0_VLE_Soft.a D:\w\EPPC\workspace_codegen\ewl\EWL_Runtime\Runtime_PA_CmdLineData\librt_E200z0_VLE_Soft\obj\runtime.o
  UNUSED   000000 ........ ........    _rest32gpr_26 librt_E200z0_VLE_Soft.a D:\w\EPPC\workspace_codegen\ewl\EWL_Runtime\Runtime_PA_CmdLineData\librt_E200z0_VLE_Soft\obj\runtime.o
  UNUSED   000000 ........ ........    _restgpr_27 librt_E200z0_VLE_Soft.a D:\w\EPPC\workspace_codegen\ewl\EWL_Runtime\Runtime_PA_CmdLineData\librt_E200z0_VLE_Soft\obj\runtime.o
  UNUSED   000000 ........ ........    _rest32gpr_27 librt_E200z0_VLE_Soft.a D:\w\EPPC\workspace_codegen\ewl\EWL_Runtime\Runtime_PA_CmdLineData\librt_E200z0_VLE_Soft\obj\runtime.o
  UNUSED   000000 ........ ........    _restgpr_28 librt_E200z0_VLE_Soft.a D:\w\EPPC\workspace_codegen\ewl\EWL_Runtime\Runtime_PA_CmdLineData\librt_E200z0_VLE_Soft\obj\runtime.o
  UNUSED   000000 ........ ........    _rest32gpr_28 librt_E200z0_VLE_Soft.a D:\w\EPPC\workspace_codegen\ewl\EWL_Runtime\Runtime_PA_CmdLineData\librt_E200z0_VLE_Soft\obj\runtime.o
  UNUSED   000000 ........ ........    _restgpr_29 librt_E200z0_VLE_Soft.a D:\w\EPPC\workspace_codegen\ewl\EWL_Runtime\Runtime_PA_CmdLineData\librt_E200z0_VLE_Soft\obj\runtime.o
  UNUSED   000000 ........ ........    _rest32gpr_29 librt_E200z0_VLE_Soft.a D:\w\EPPC\workspace_codegen\ewl\EWL_Runtime\Runtime_PA_CmdLineData\librt_E200z0_VLE_Soft\obj\runtime.o
  UNUSED   000000 ........ ........    _restgpr_30 librt_E200z0_VLE_Soft.a D:\w\EPPC\workspace_codegen\ewl\EWL_Runtime\Runtime_PA_CmdLineData\librt_E200z0_VLE_Soft\obj\runtime.o
  UNUSED   000000 ........ ........    _rest32gpr_30 librt_E200z0_VLE_Soft.a D:\w\EPPC\workspace_codegen\ewl\EWL_Runtime\Runtime_PA_CmdLineData\librt_E200z0_VLE_Soft\obj\runtime.o
  UNUSED   000000 ........ ........    _restgpr_31 librt_E200z0_VLE_Soft.a D:\w\EPPC\workspace_codegen\ewl\EWL_Runtime\Runtime_PA_CmdLineData\librt_E200z0_VLE_Soft\obj\runtime.o
  UNUSED   000000 ........ ........    _rest32gpr_31 librt_E200z0_VLE_Soft.a D:\w\EPPC\workspace_codegen\ewl\EWL_Runtime\Runtime_PA_CmdLineData\librt_E200z0_VLE_Soft\obj\runtime.o
  00000750 000008 00003750 00000e20  2 __restore_frame_and_exit 	librt_E200z0_VLE_Soft.a D:\w\EPPC\workspace_codegen\ewl\EWL_Runtime\Runtime_PA_CmdLineData\librt_E200z0_VLE_Soft\obj\runtime.o
  UNUSED   000000 ........ ........    __finish_restore_frame_and_exit2 librt_E200z0_VLE_Soft.a D:\w\EPPC\workspace_codegen\ewl\EWL_Runtime\Runtime_PA_CmdLineData\librt_E200z0_VLE_Soft\obj\runtime.o
  UNUSED   00000a ........ ........    __restore_gpr_31_exit librt_E200z0_VLE_Soft.a D:\w\EPPC\workspace_codegen\ewl\EWL_Runtime\Runtime_PA_CmdLineData\librt_E200z0_VLE_Soft\obj\runtime.o
  UNUSED   000000 ........ ........    __finish_restore_frame_and_exit librt_E200z0_VLE_Soft.a D:\w\EPPC\workspace_codegen\ewl\EWL_Runtime\Runtime_PA_CmdLineData\librt_E200z0_VLE_Soft\obj\runtime.o
  UNUSED   000008 ........ ........    __restore_gpr_30_exit librt_E200z0_VLE_Soft.a D:\w\EPPC\workspace_codegen\ewl\EWL_Runtime\Runtime_PA_CmdLineData\librt_E200z0_VLE_Soft\obj\runtime.o
  UNUSED   000008 ........ ........    __restore_gpr_29_exit librt_E200z0_VLE_Soft.a D:\w\EPPC\workspace_codegen\ewl\EWL_Runtime\Runtime_PA_CmdLineData\librt_E200z0_VLE_Soft\obj\runtime.o
  UNUSED   000008 ........ ........    __restore_gpr_28_exit librt_E200z0_VLE_Soft.a D:\w\EPPC\workspace_codegen\ewl\EWL_Runtime\Runtime_PA_CmdLineData\librt_E200z0_VLE_Soft\obj\runtime.o
  UNUSED   000008 ........ ........    __restore_gpr_27_exit librt_E200z0_VLE_Soft.a D:\w\EPPC\workspace_codegen\ewl\EWL_Runtime\Runtime_PA_CmdLineData\librt_E200z0_VLE_Soft\obj\runtime.o
  UNUSED   000008 ........ ........    __restore_gpr_26_exit librt_E200z0_VLE_Soft.a D:\w\EPPC\workspace_codegen\ewl\EWL_Runtime\Runtime_PA_CmdLineData\librt_E200z0_VLE_Soft\obj\runtime.o
  UNUSED   00000a ........ ........    __restore_gpr_25_exit librt_E200z0_VLE_Soft.a D:\w\EPPC\workspace_codegen\ewl\EWL_Runtime\Runtime_PA_CmdLineData\librt_E200z0_VLE_Soft\obj\runtime.o
  UNUSED   000008 ........ ........    __restore_gpr_24_exit librt_E200z0_VLE_Soft.a D:\w\EPPC\workspace_codegen\ewl\EWL_Runtime\Runtime_PA_CmdLineData\librt_E200z0_VLE_Soft\obj\runtime.o
  UNUSED   000008 ........ ........    __restore_gpr_23_exit librt_E200z0_VLE_Soft.a D:\w\EPPC\workspace_codegen\ewl\EWL_Runtime\Runtime_PA_CmdLineData\librt_E200z0_VLE_Soft\obj\runtime.o
  UNUSED   000008 ........ ........    __restore_gpr_22_exit librt_E200z0_VLE_Soft.a D:\w\EPPC\workspace_codegen\ewl\EWL_Runtime\Runtime_PA_CmdLineData\librt_E200z0_VLE_Soft\obj\runtime.o
  UNUSED   000008 ........ ........    __restore_gpr_21_exit librt_E200z0_VLE_Soft.a D:\w\EPPC\workspace_codegen\ewl\EWL_Runtime\Runtime_PA_CmdLineData\librt_E200z0_VLE_Soft\obj\runtime.o
  UNUSED   000008 ........ ........    __restore_gpr_20_exit librt_E200z0_VLE_Soft.a D:\w\EPPC\workspace_codegen\ewl\EWL_Runtime\Runtime_PA_CmdLineData\librt_E200z0_VLE_Soft\obj\runtime.o
  UNUSED   000008 ........ ........    __restore_gpr_19_exit librt_E200z0_VLE_Soft.a D:\w\EPPC\workspace_codegen\ewl\EWL_Runtime\Runtime_PA_CmdLineData\librt_E200z0_VLE_Soft\obj\runtime.o
  UNUSED   000008 ........ ........    __restore_gpr_18_exit librt_E200z0_VLE_Soft.a D:\w\EPPC\workspace_codegen\ewl\EWL_Runtime\Runtime_PA_CmdLineData\librt_E200z0_VLE_Soft\obj\runtime.o
  UNUSED   000008 ........ ........    __restore_gpr_17_exit librt_E200z0_VLE_Soft.a D:\w\EPPC\workspace_codegen\ewl\EWL_Runtime\Runtime_PA_CmdLineData\librt_E200z0_VLE_Soft\obj\runtime.o
  UNUSED   000008 ........ ........    __restore_gpr_16_exit librt_E200z0_VLE_Soft.a D:\w\EPPC\workspace_codegen\ewl\EWL_Runtime\Runtime_PA_CmdLineData\librt_E200z0_VLE_Soft\obj\runtime.o
  UNUSED   000008 ........ ........    __restore_gpr_15_exit librt_E200z0_VLE_Soft.a D:\w\EPPC\workspace_codegen\ewl\EWL_Runtime\Runtime_PA_CmdLineData\librt_E200z0_VLE_Soft\obj\runtime.o
  UNUSED   000008 ........ ........    __restore_gpr_14_exit librt_E200z0_VLE_Soft.a D:\w\EPPC\workspace_codegen\ewl\EWL_Runtime\Runtime_PA_CmdLineData\librt_E200z0_VLE_Soft\obj\runtime.o
  UNUSED   00000c ........ ........    __create_frame librt_E200z0_VLE_Soft.a D:\w\EPPC\workspace_codegen\ewl\EWL_Runtime\Runtime_PA_CmdLineData\librt_E200z0_VLE_Soft\obj\runtime.o
  UNUSED   000000 ........ ........    __save_lr librt_E200z0_VLE_Soft.a D:\w\EPPC\workspace_codegen\ewl\EWL_Runtime\Runtime_PA_CmdLineData\librt_E200z0_VLE_Soft\obj\runtime.o
  UNUSED   00000c ........ ........    __create_frame_and_save_gpr_31 librt_E200z0_VLE_Soft.a D:\w\EPPC\workspace_codegen\ewl\EWL_Runtime\Runtime_PA_CmdLineData\librt_E200z0_VLE_Soft\obj\runtime.o
  UNUSED   00000c ........ ........    __create_frame_and_save_gpr_30 librt_E200z0_VLE_Soft.a D:\w\EPPC\workspace_codegen\ewl\EWL_Runtime\Runtime_PA_CmdLineData\librt_E200z0_VLE_Soft\obj\runtime.o
  UNUSED   00000c ........ ........    __create_frame_and_save_gpr_29 librt_E200z0_VLE_Soft.a D:\w\EPPC\workspace_codegen\ewl\EWL_Runtime\Runtime_PA_CmdLineData\librt_E200z0_VLE_Soft\obj\runtime.o
  UNUSED   00000c ........ ........    __create_frame_and_save_gpr_28 librt_E200z0_VLE_Soft.a D:\w\EPPC\workspace_codegen\ewl\EWL_Runtime\Runtime_PA_CmdLineData\librt_E200z0_VLE_Soft\obj\runtime.o
  UNUSED   00000c ........ ........    __create_frame_and_save_gpr_27 librt_E200z0_VLE_Soft.a D:\w\EPPC\workspace_codegen\ewl\EWL_Runtime\Runtime_PA_CmdLineData\librt_E200z0_VLE_Soft\obj\runtime.o
  UNUSED   00000c ........ ........    __create_frame_and_save_gpr_26 librt_E200z0_VLE_Soft.a D:\w\EPPC\workspace_codegen\ewl\EWL_Runtime\Runtime_PA_CmdLineData\librt_E200z0_VLE_Soft\obj\runtime.o
  UNUSED   00000c ........ ........    __create_frame_and_save_gpr_25 librt_E200z0_VLE_Soft.a D:\w\EPPC\workspace_codegen\ewl\EWL_Runtime\Runtime_PA_CmdLineData\librt_E200z0_VLE_Soft\obj\runtime.o
  UNUSED   00000c ........ ........    __create_frame_and_save_gpr_24 librt_E200z0_VLE_Soft.a D:\w\EPPC\workspace_codegen\ewl\EWL_Runtime\Runtime_PA_CmdLineData\librt_E200z0_VLE_Soft\obj\runtime.o
  UNUSED   00000c ........ ........    __create_frame_and_save_gpr_23 librt_E200z0_VLE_Soft.a D:\w\EPPC\workspace_codegen\ewl\EWL_Runtime\Runtime_PA_CmdLineData\librt_E200z0_VLE_Soft\obj\runtime.o
  UNUSED   00000c ........ ........    __create_frame_and_save_gpr_22 librt_E200z0_VLE_Soft.a D:\w\EPPC\workspace_codegen\ewl\EWL_Runtime\Runtime_PA_CmdLineData\librt_E200z0_VLE_Soft\obj\runtime.o
  UNUSED   00000c ........ ........    __create_frame_and_save_gpr_21 librt_E200z0_VLE_Soft.a D:\w\EPPC\workspace_codegen\ewl\EWL_Runtime\Runtime_PA_CmdLineData\librt_E200z0_VLE_Soft\obj\runtime.o
  UNUSED   00000c ........ ........    __create_frame_and_save_gpr_20 librt_E200z0_VLE_Soft.a D:\w\EPPC\workspace_codegen\ewl\EWL_Runtime\Runtime_PA_CmdLineData\librt_E200z0_VLE_Soft\obj\runtime.o
  UNUSED   00000c ........ ........    __create_frame_and_save_gpr_19 librt_E200z0_VLE_Soft.a D:\w\EPPC\workspace_codegen\ewl\EWL_Runtime\Runtime_PA_CmdLineData\librt_E200z0_VLE_Soft\obj\runtime.o
  UNUSED   00000c ........ ........    __create_frame_and_save_gpr_18 librt_E200z0_VLE_Soft.a D:\w\EPPC\workspace_codegen\ewl\EWL_Runtime\Runtime_PA_CmdLineData\librt_E200z0_VLE_Soft\obj\runtime.o
  UNUSED   00000c ........ ........    __create_frame_and_save_gpr_17 librt_E200z0_VLE_Soft.a D:\w\EPPC\workspace_codegen\ewl\EWL_Runtime\Runtime_PA_CmdLineData\librt_E200z0_VLE_Soft\obj\runtime.o
  UNUSED   00000c ........ ........    __create_frame_and_save_gpr_16 librt_E200z0_VLE_Soft.a D:\w\EPPC\workspace_codegen\ewl\EWL_Runtime\Runtime_PA_CmdLineData\librt_E200z0_VLE_Soft\obj\runtime.o
  UNUSED   00000c ........ ........    __create_frame_and_save_gpr_15 librt_E200z0_VLE_Soft.a D:\w\EPPC\workspace_codegen\ewl\EWL_Runtime\Runtime_PA_CmdLineData\librt_E200z0_VLE_Soft\obj\runtime.o
  UNUSED   00000c ........ ........    __create_frame_and_save_gpr_14 librt_E200z0_VLE_Soft.a D:\w\EPPC\workspace_codegen\ewl\EWL_Runtime\Runtime_PA_CmdLineData\librt_E200z0_VLE_Soft\obj\runtime.o
  UNUSED   0000c4 ........ ........    __div2u librt_E200z0_VLE_Soft.a D:\w\EPPC\workspace_codegen\ewl\EWL_Runtime\Runtime_PA_CmdLineData\librt_E200z0_VLE_Soft\obj\runtime.o
  UNUSED   000108 ........ ........    __div2i librt_E200z0_VLE_Soft.a D:\w\EPPC\workspace_codegen\ewl\EWL_Runtime\Runtime_PA_CmdLineData\librt_E200z0_VLE_Soft\obj\runtime.o
  UNUSED   0000ba ........ ........    __mod2u librt_E200z0_VLE_Soft.a D:\w\EPPC\workspace_codegen\ewl\EWL_Runtime\Runtime_PA_CmdLineData\librt_E200z0_VLE_Soft\obj\runtime.o
  UNUSED   0000e2 ........ ........    __mod2i librt_E200z0_VLE_Soft.a D:\w\EPPC\workspace_codegen\ewl\EWL_Runtime\Runtime_PA_CmdLineData\librt_E200z0_VLE_Soft\obj\runtime.o
  UNUSED   00001a ........ ........    __shl2i librt_E200z0_VLE_Soft.a D:\w\EPPC\workspace_codegen\ewl\EWL_Runtime\Runtime_PA_CmdLineData\librt_E200z0_VLE_Soft\obj\runtime.o
  UNUSED   00001a ........ ........    __shr2u librt_E200z0_VLE_Soft.a D:\w\EPPC\workspace_codegen\ewl\EWL_Runtime\Runtime_PA_CmdLineData\librt_E200z0_VLE_Soft\obj\runtime.o
  UNUSED   00001c ........ ........    __shr2i librt_E200z0_VLE_Soft.a D:\w\EPPC\workspace_codegen\ewl\EWL_Runtime\Runtime_PA_CmdLineData\librt_E200z0_VLE_Soft\obj\runtime.o
  00000758 000000 00003758 00000e28  1 .text.205 	librt_E200z0_VLE_Soft.a D:\w\EPPC\workspace_codegen\ewl\EWL_Runtime\Runtime_PA_CmdLineData\librt_E200z0_VLE_Soft\obj\runtime.o


.rodata section layout
  Starting        Virtual  File
  address  Size   address  offset
  ---------------------------------
  00000000 00000c 00003758 00000e28  1 .rodata 	__ppc_eabi_init_c.obj 
  00000000 00000c 00003758 00000e28  4 @23 	__ppc_eabi_init_c.obj 


.ctors section layout
  Starting        Virtual  File
  address  Size   address  offset
  ---------------------------------


.dtors section layout
  Starting        Virtual  File
  address  Size   address  offset
  ---------------------------------


extab section layout
  Starting        Virtual  File
  address  Size   address  offset
  ---------------------------------


extabindex section layout
  Starting        Virtual  File
  address  Size   address  offset
  ---------------------------------


.__uninitialized_intc_handlertable section layout
  Starting        Virtual  File
  address  Size   address  offset
  ---------------------------------
  00000000 0003a4 40000000 00001000  1 .__uninitialized_intc_handlertable 	IntcInterrupts_c.obj 
  00000000 0003a4 40000000 00001000  4 INTCInterruptsHandlerTable 	IntcInterrupts_c.obj 


.data section layout
  Starting        Virtual  File
  address  Size   address  offset
  ---------------------------------


.sdata section layout
  Starting        Virtual  File
  address  Size   address  offset
  ---------------------------------
  00000000 000002 400003a8 00001000  1 .sdata 	WindowLifter_c.obj 
  00000000 000001 400003a8 00001000  1 rub_ButtonPressed 	WindowLifter_c.obj 
  00000001 000001 400003a9 00001001  1 rub_AntipinchButton 	WindowLifter_c.obj 


.sbss section layout
  Starting        Virtual  File
  address  Size   address  offset
  ---------------------------------
  00000000 000006 400003b0 00001008  1 .sbss 	WindowLifter_c.obj 
  00000000 000001 400003b0 00001008  1 rub_TimeMsCnt 	WindowLifter_c.obj 
  00000001 000001 400003b1 00001009  1 rub_TimeWait 	WindowLifter_c.obj 
  00000002 000001 400003b2 0000100a  1 rub_ValidAntipinchCnt 	WindowLifter_c.obj 
  00000003 000001 400003b3 0000100b  1 rub_ValidPress 	WindowLifter_c.obj 
  00000004 000001 400003b4 0000100c  1 rub_CmdWindow 	WindowLifter_c.obj 
  00000005 000001 400003b5 0000100d  1 rub_DirectionMove 	WindowLifter_c.obj 
  00000006 000002 400003b8 00001010  8 *fill*
  00000008 000008 400003b8 00001010  1 .sbss 	libc_E200z0_VLE_Soft.a D:\w\EPPC\workspace_codegen\ewl\EWL_C\EWL_C.PA_CmdLineData\libc_E200z0_VLE_Soft\obj\abort_exit.o
  UNUSED   000004 ........ ........    __atexit_curr_func_C libc_E200z0_VLE_Soft.a D:\w\EPPC\workspace_codegen\ewl\EWL_C\EWL_C.PA_CmdLineData\libc_E200z0_VLE_Soft\obj\abort_exit.o
  00000008 000004 400003b8 00001010  4 __stdio_exit 	libc_E200z0_VLE_Soft.a D:\w\EPPC\workspace_codegen\ewl\EWL_C\EWL_C.PA_CmdLineData\libc_E200z0_VLE_Soft\obj\abort_exit.o
  0000000c 000004 400003bc 00001014  4 __console_exit 	libc_E200z0_VLE_Soft.a D:\w\EPPC\workspace_codegen\ewl\EWL_C\EWL_C.PA_CmdLineData\libc_E200z0_VLE_Soft\obj\abort_exit.o
  00000010 000004 400003c0 00001018  1 .sbss 	librt_E200z0_VLE_Soft.a D:\w\EPPC\workspace_codegen\ewl\EWL_Runtime\Runtime_PA_CmdLineData\librt_E200z0_VLE_Soft\obj\global_destructor_chain.o
  UNUSED   000004 ........ ........    atexit_curr_func librt_E200z0_VLE_Soft.a D:\w\EPPC\workspace_codegen\ewl\EWL_Runtime\Runtime_PA_CmdLineData\librt_E200z0_VLE_Soft\obj\global_destructor_chain.o
  00000010 000004 400003c0 00001018  4 __global_destructor_chain 	librt_E200z0_VLE_Soft.a D:\w\EPPC\workspace_codegen\ewl\EWL_Runtime\Runtime_PA_CmdLineData\librt_E200z0_VLE_Soft\obj\global_destructor_chain.o


.sdata2 section layout
  Starting        Virtual  File
  address  Size   address  offset
  ---------------------------------


.sbss2 section layout
  Starting        Virtual  File
  address  Size   address  offset
  ---------------------------------


.bss section layout
  Starting        Virtual  File
  address  Size   address  offset
  ---------------------------------


Memory map:
                       Starting Size     File     ROM      RAM Buffer  S-Record
                       address           Offset   Address  Address     Line
       .__bam_bootarea 00000000 00000008 00000280 00000000 00000000          2
                 .init 00000008 00000084 00000288 00000008 00000008          3
             .init_vle 0000008c 0000020c 0000030c 0000008c 0000008c         10
    .ivor_branch_table 00001000 000000f4 00000520 00001000 00001000         37
  .intc_hw_branch_table 000010f4 00000000 00000800 000010f4 000010f4          0
  .__exception_handlers 00001100 000000a4 00000620 00001100 00001100         50
             .text_vle 00003000 00000758 000006d0 00003000 00003000         59
               .rodata 00003758 0000000c 00000e28 00003758 00003758        153
                .ctors 00003764 00000000 00000e34 00003764 00003764          0
                .dtors 00003764 00000000 00000e34 00003764 00003764          0
                 extab 00003764 00000000 00000e34 00003764 00003764          0
            extabindex 00003764 00000000 00000e34 00003764 00003764          0
  .__uninitialized_intc_handlertable 40000000 000003a4 00001000 00003800 00003800          0
                 .data 400003a4 00000000 00001000 00003800 00003800          0
                .sdata 400003a8 00000004 00001000 00003800 00003800        154
                 .sbss 400003b0 00000014 00001008 00003808 00003808          0
               .sdata2 400003c4 00000000 00001008 00003808 00003808          0
                .sbss2 400003c4 00000000 00001008 00003808 00003808          0
                  .bss 400003c4 00000000 00001008 00003808 00003808          0
      .PPC.EMB.apuinfo 000075c0 00000000 000085d0 0000adc8 0000adc8          0
         .debug_abbrev          0000013d 00001008
           .debug_info          0000228c 00001145
           .debug_line          0000373a 000033d1
            .debug_loc          0000054f 00006b0b
       .debug_pubnames          000005f8 0000705a


Linker generated symbols:
       EXCEPTION_HANDLERS 00001000
          L2SRAM_LOCATION 40000000
               L2SRAM_CNT 00000280
        _f___bam_bootarea 00000000
    _f___bam_bootarea_rom 00000000
        _e___bam_bootarea 00000008
                  _f_init 00000008
              _f_init_rom 00000008
                  _e_init 0000008c
              _f_init_vle 0000008c
          _f_init_vle_rom 0000008c
              _e_init_vle 00000298
     _f_ivor_branch_table 00001000
 _f_ivor_branch_table_rom 00001000
     _e_ivor_branch_table 000010f4
  _f_intc_hw_branch_table 000010f4
_f_intc_hw_branch_table_rom 000010f4
  _e_intc_hw_branch_table 000010f4
  _f___exception_handlers 00001100
_f___exception_handlers_rom 00001100
  _e___exception_handlers 000011a4
                  _f_text 00003000
              _f_text_rom 00003000
                  _e_text 00003000
              _f_text_vle 00003000
          _f_text_vle_rom 00003000
              _e_text_vle 00003758
                _f_rodata 00003758
            _f_rodata_rom 00003758
                _e_rodata 00003764
                 _f_ctors 00003764
             _f_ctors_rom 00003764
                 _e_ctors 00003764
                 _f_dtors 00003764
             _f_dtors_rom 00003764
                 _e_dtors 00003764
                  _fextab 00003764
              _fextab_rom 00003764
                  _eextab 00003764
             _fextabindex 00003764
         _fextabindex_rom 00003764
             _eextabindex 00003764
_f___uninitialized_intc_handlertable 40000000
_e___uninitialized_intc_handlertable 400003a4
                  _f_data 400003a4
              _f_data_rom 00003800
                  _e_data 400003a4
                 _f_sdata 400003a8
             _f_sdata_rom 00003800
                 _e_sdata 400003ac
                  _f_sbss 400003b0
                  _e_sbss 400003c4
                _f_sdata2 400003c4
            _f_sdata2_rom 00003808
                _e_sdata2 400003c4
                 _f_sbss2 400003c4
                 _e_sbss2 400003c4
                   _f_bss 400003c4
                   _e_bss 400003c4
              _stack_addr 40014000
               _stack_end 40013000
               _heap_addr 40012000
                _heap_end 40013000
             _nbfunctions 00000030
           SIZEOF_HEADERS 00000280
               _SDA_BASE_ 400083a8
              _SDA2_BASE_ 400083c4
           _ABS_SDA_BASE_ 400083a8
          _ABS_SDA2_BASE_ 400083c4
                 _SP_INIT 40014000
             __HEAP_START 40012000
              __mem_limit 40013000
           __stack_safety 00000010
